// Jest Snapshot v1, https://goo.gl/fbAQLP

exports[`DailyCloudWatchLogsArchiver Testing Snapshot Testing Should match snapshot: archiver 1`] = `
{
  "Parameters": {
    "BootstrapVersion": {
      "Default": "/cdk-bootstrap/hnb659fds/version",
      "Description": "Version of the CDK Bootstrap resources in this environment, automatically retrieved from SSM Parameter Store. [cdk:skip]",
      "Type": "AWS::SSM::Parameter::Value<String>",
    },
  },
  "Resources": {
    "DailyCloudWatchLogsArchiverLambdaExecutionRoleB287F490": {
      "Properties": {
        "AssumeRolePolicyDocument": {
          "Statement": [
            {
              "Action": "sts:AssumeRole",
              "Effect": "Allow",
              "Principal": {
                "Service": "lambda.amazonaws.com",
              },
            },
          ],
          "Version": "2012-10-17",
        },
        "Description": "daily CloudWatch Logs archiver machine exec role.",
        "ManagedPolicyArns": [
          {
            "Fn::Join": [
              "",
              [
                "arn:",
                {
                  "Ref": "AWS::Partition",
                },
                ":iam::aws:policy/service-role/AWSLambdaBasicExecutionRole",
              ],
            ],
          },
        ],
        "Policies": [
          {
            "PolicyDocument": {
              "Statement": [
                {
                  "Action": "logs:CreateExportTask",
                  "Effect": "Allow",
                  "Resource": "*",
                },
              ],
              "Version": "2012-10-17",
            },
            "PolicyName": "log-export-policy",
          },
          {
            "PolicyDocument": {
              "Statement": [
                {
                  "Action": [
                    "s3:GetBucketAcl",
                    "s3:PutObject",
                  ],
                  "Effect": "Allow",
                  "Resource": {
                    "Fn::GetAtt": [
                      "DailyCloudWatchLogsArchiverLogArchiveBucket88461686",
                      "Arn",
                    ],
                  },
                },
              ],
              "Version": "2012-10-17",
            },
            "PolicyName": "put-bucket-policy",
          },
        ],
        "RoleName": "daily-cw-logs-archiver-lambda-exec-a5ac343a-role",
      },
      "Type": "AWS::IAM::Role",
    },
    "DailyCloudWatchLogsArchiverLambdaFunctionLogGroupF3ACBF01": {
      "DeletionPolicy": "Delete",
      "Properties": {
        "LogGroupName": {
          "Fn::Join": [
            "",
            [
              "/aws/lambda/",
              {
                "Ref": "DailyCloudWatchLogsArchiverLogArchiveFunction1589C8E4",
              },
            ],
          ],
        },
        "RetentionInDays": 30,
      },
      "Type": "AWS::Logs::LogGroup",
      "UpdateReplacePolicy": "Delete",
    },
    "DailyCloudWatchLogsArchiverLogArchiveBucket88461686": {
      "DeletionPolicy": "Retain",
      "Properties": {
        "AccessControl": "Private",
        "BucketEncryption": {
          "ServerSideEncryptionConfiguration": [
            {
              "ServerSideEncryptionByDefault": {
                "SSEAlgorithm": "aws:kms",
              },
            },
          ],
        },
        "BucketName": "log-archive-a5ac343a",
        "LifecycleConfiguration": {
          "Rules": [
            {
              "Id": "archive-step-lifecycle-rule",
              "Status": "Enabled",
              "Transitions": [
                {
                  "StorageClass": "STANDARD_IA",
                  "TransitionInDays": 60,
                },
                {
                  "StorageClass": "INTELLIGENT_TIERING",
                  "TransitionInDays": 120,
                },
                {
                  "StorageClass": "GLACIER",
                  "TransitionInDays": 180,
                },
                {
                  "StorageClass": "DEEP_ARCHIVE",
                  "TransitionInDays": 360,
                },
              ],
            },
          ],
        },
        "OwnershipControls": {
          "Rules": [
            {
              "ObjectOwnership": "BucketOwnerEnforced",
            },
          ],
        },
        "PublicAccessBlockConfiguration": {
          "BlockPublicAcls": true,
          "BlockPublicPolicy": true,
          "IgnorePublicAcls": true,
          "RestrictPublicBuckets": true,
        },
        "VersioningConfiguration": {
          "Status": "Enabled",
        },
      },
      "Type": "AWS::S3::Bucket",
      "UpdateReplacePolicy": "Retain",
    },
    "DailyCloudWatchLogsArchiverLogArchiveBucketPolicy098686E8": {
      "Properties": {
        "Bucket": {
          "Ref": "DailyCloudWatchLogsArchiverLogArchiveBucket88461686",
        },
        "PolicyDocument": {
          "Statement": [
            {
              "Action": "s3:*",
              "Condition": {
                "Bool": {
                  "aws:SecureTransport": "false",
                },
              },
              "Effect": "Deny",
              "Principal": {
                "AWS": "*",
              },
              "Resource": [
                {
                  "Fn::GetAtt": [
                    "DailyCloudWatchLogsArchiverLogArchiveBucket88461686",
                    "Arn",
                  ],
                },
                {
                  "Fn::Join": [
                    "",
                    [
                      {
                        "Fn::GetAtt": [
                          "DailyCloudWatchLogsArchiverLogArchiveBucket88461686",
                          "Arn",
                        ],
                      },
                      "/*",
                    ],
                  ],
                },
              ],
            },
            {
              "Action": "s3:GetBucketAcl",
              "Effect": "Allow",
              "Principal": {
                "Service": "logs.us-east-1.amazonaws.com",
              },
              "Resource": {
                "Fn::GetAtt": [
                  "DailyCloudWatchLogsArchiverLogArchiveBucket88461686",
                  "Arn",
                ],
              },
            },
            {
              "Action": "s3:PutObject",
              "Condition": {
                "StringEquals": {
                  "s3:x-amz-acl": "bucket-owner-full-control",
                },
              },
              "Effect": "Allow",
              "Principal": {
                "Service": "logs.us-east-1.amazonaws.com",
              },
              "Resource": {
                "Fn::Join": [
                  "",
                  [
                    {
                      "Fn::GetAtt": [
                        "DailyCloudWatchLogsArchiverLogArchiveBucket88461686",
                        "Arn",
                      ],
                    },
                    "/*",
                  ],
                ],
              },
            },
          ],
          "Version": "2012-10-17",
        },
      },
      "Type": "AWS::S3::BucketPolicy",
    },
    "DailyCloudWatchLogsArchiverLogArchiveFunction1589C8E4": {
      "DependsOn": [
        "DailyCloudWatchLogsArchiverLambdaExecutionRoleB287F490",
      ],
      "Properties": {
        "Code": {
          "S3Bucket": "cdk-hnb659fds-assets-123456789012-us-east-1",
          "S3Key": "HASH.zip",
        },
        "Description": "A function to archive logs s3 bucket from CloudWatch Logs.",
        "Environment": {
          "Variables": {
            "AWS_NODEJS_CONNECTION_REUSE_ENABLED": "1",
            "BUCKET_NAME": {
              "Ref": "DailyCloudWatchLogsArchiverLogArchiveBucket88461686",
            },
          },
        },
        "FunctionName": "daily-cw-logs-archiver-a5ac343a-func",
        "Handler": "index.handler",
        "Role": {
          "Fn::GetAtt": [
            "DailyCloudWatchLogsArchiverLambdaExecutionRoleB287F490",
            "Arn",
          ],
        },
        "Runtime": "nodejs18.x",
      },
      "Type": "AWS::Lambda::Function",
    },
    "DailyCloudWatchLogsArchiverMyStateMachine5CE74E36": {
      "DeletionPolicy": "Delete",
      "DependsOn": [
        "DailyCloudWatchLogsArchiverMyStateMachineRoleDefaultPolicy6CB5F646",
        "DailyCloudWatchLogsArchiverMyStateMachineRoleAEF880EB",
      ],
      "Properties": {
        "DefinitionString": {
          "Fn::Join": [
            "",
            [
              "{"StartAt":"GetResources","States":{"GetResources":{"Next":"LogGroupExportMap","Type":"Task","ResultPath":"$.Result","ResultSelector":{"TargetResources.$":"$..ResourceTagMappingList[*].ResourceARN"},"Resource":"arn:",
              {
                "Ref": "AWS::Partition",
              },
              ":states:::aws-sdk:resourcegroupstaggingapi:getResources","Parameters":{"ResourceTypeFilters":["logs:log-group"],"TagFilters":[{"Key.$":"$.tagKey","Values.$":"$.tagValues"}]}},"LogGroupExportMap":{"Type":"Map","End":true,"Iterator":{"StartAt":"GetLogGroupName","States":{"GetLogGroupName":{"Type":"Pass","Parameters":{"TargetLogGroupName.$":"States.ArrayGetItem(States.StringSplit($, ':'), 6)"},"Next":"InvokeLambdaFunction"},"InvokeLambdaFunction":{"Next":"DescribeExportTasks","Retry":[{"ErrorEquals":["Lambda.ServiceException","Lambda.AWSLambdaException","Lambda.SdkClientException"],"IntervalSeconds":2,"MaxAttempts":6,"BackoffRate":2}],"Type":"Task","OutputPath":"$.Payload","Resource":"arn:",
              {
                "Ref": "AWS::Partition",
              },
              ":states:::lambda:invoke","Parameters":{"FunctionName":"",
              {
                "Fn::GetAtt": [
                  "DailyCloudWatchLogsArchiverLogArchiveFunction1589C8E4",
                  "Arn",
                ],
              },
              "","Payload.$":"$"}},"DescribeExportTasks":{"Next":"ExportTaskStatusCheck","Type":"Task","ResultPath":"$.Result","ResultSelector":{"DescribeExportTasksStatus.$":"$.ExportTasks[0].Status.Code"},"Resource":"arn:",
              {
                "Ref": "AWS::Partition",
              },
              ":states:::aws-sdk:cloudwatchlogs:describeExportTasks","Parameters":{"TaskId.$":"$.TaskId"}},"ExportTaskStatusCheck":{"Type":"Choice","Choices":[{"Variable":"$.Result.DescribeExportTasksStatus","StringEquals":"FAILED","Next":"GetLogGroupName"},{"Variable":"$.Result.DescribeExportTasksStatus","StringEquals":"RUNNING","Next":"ExportRunningWait"}],"Default":"Succeed"},"Succeed":{"Type":"Succeed"},"ExportRunningWait":{"Type":"Wait","Seconds":30,"Next":"DescribeExportTasks"}}},"ItemsPath":"$.Result.TargetResources","MaxConcurrency":1}}}",
            ],
          ],
        },
        "RoleArn": {
          "Fn::GetAtt": [
            "DailyCloudWatchLogsArchiverMyStateMachineRoleAEF880EB",
            "Arn",
          ],
        },
        "StateMachineName": "daily-cw-logs-archive-a5ac343a-machine",
      },
      "Type": "AWS::StepFunctions::StateMachine",
      "UpdateReplacePolicy": "Delete",
    },
    "DailyCloudWatchLogsArchiverMyStateMachineRoleAEF880EB": {
      "Properties": {
        "AssumeRolePolicyDocument": {
          "Statement": [
            {
              "Action": "sts:AssumeRole",
              "Effect": "Allow",
              "Principal": {
                "Service": "states.us-east-1.amazonaws.com",
              },
            },
          ],
          "Version": "2012-10-17",
        },
        "Description": "daily CloudWatch Logs archive machine role.",
        "RoleName": "daily-cw-logs-archive-machine-a5ac343a-role",
      },
      "Type": "AWS::IAM::Role",
    },
    "DailyCloudWatchLogsArchiverMyStateMachineRoleDefaultPolicy6CB5F646": {
      "Properties": {
        "PolicyDocument": {
          "Statement": [
            {
              "Action": "tag:GetResources",
              "Effect": "Allow",
              "Resource": "*",
            },
            {
              "Action": "lambda:InvokeFunction",
              "Effect": "Allow",
              "Resource": [
                {
                  "Fn::GetAtt": [
                    "DailyCloudWatchLogsArchiverLogArchiveFunction1589C8E4",
                    "Arn",
                  ],
                },
                {
                  "Fn::Join": [
                    "",
                    [
                      {
                        "Fn::GetAtt": [
                          "DailyCloudWatchLogsArchiverLogArchiveFunction1589C8E4",
                          "Arn",
                        ],
                      },
                      ":*",
                    ],
                  ],
                },
              ],
            },
            {
              "Action": "logs:DescribeExportTasks",
              "Effect": "Allow",
              "Resource": "*",
            },
          ],
          "Version": "2012-10-17",
        },
        "PolicyName": "daily-cw-logs-archive-machine-a5ac343a-default-policy",
        "Roles": [
          {
            "Ref": "DailyCloudWatchLogsArchiverMyStateMachineRoleAEF880EB",
          },
        ],
      },
      "Type": "AWS::IAM::Policy",
    },
    "DailyCloudWatchLogsArchiverSchedule14E0595F": {
      "Properties": {
        "Description": "daily CloudWatch Logs archive schedule",
        "FlexibleTimeWindow": {
          "Mode": "OFF",
        },
        "Name": "daily-cw-logs-archive-a5ac343a-schedule",
        "ScheduleExpression": "cron(1 13 * * ? *)",
        "ScheduleExpressionTimezone": "UTC",
        "State": "ENABLED",
        "Target": {
          "Arn": {
            "Ref": "DailyCloudWatchLogsArchiverMyStateMachine5CE74E36",
          },
          "Input": "{"tagKey":"DailyLogExport","tagValues":["Yes"]}",
          "RetryPolicy": {
            "MaximumEventAgeInSeconds": 60,
            "MaximumRetryAttempts": 0,
          },
          "RoleArn": {
            "Fn::GetAtt": [
              "DailyCloudWatchLogsArchiverSchedulerExecutionRoleB476F543",
              "Arn",
            ],
          },
        },
      },
      "Type": "AWS::Scheduler::Schedule",
    },
    "DailyCloudWatchLogsArchiverSchedulerExecutionRoleB476F543": {
      "Properties": {
        "AssumeRolePolicyDocument": {
          "Statement": [
            {
              "Action": "sts:AssumeRole",
              "Effect": "Allow",
              "Principal": {
                "Service": "scheduler.amazonaws.com",
              },
            },
          ],
          "Version": "2012-10-17",
        },
        "Description": "daily CloudWatch Log archive schedule",
        "Policies": [
          {
            "PolicyDocument": {
              "Statement": [
                {
                  "Action": "states:StartExecution",
                  "Effect": "Allow",
                  "Resource": {
                    "Ref": "DailyCloudWatchLogsArchiverMyStateMachine5CE74E36",
                  },
                },
              ],
              "Version": "2012-10-17",
            },
            "PolicyName": "state-machine-exec-policy",
          },
        ],
        "RoleName": "daily-cw-logs-archive-a5ac343a-schedule-role",
      },
      "Type": "AWS::IAM::Role",
    },
  },
  "Rules": {
    "CheckBootstrapVersion": {
      "Assertions": [
        {
          "Assert": {
            "Fn::Not": [
              {
                "Fn::Contains": [
                  [
                    "1",
                    "2",
                    "3",
                    "4",
                    "5",
                  ],
                  {
                    "Ref": "BootstrapVersion",
                  },
                ],
              },
            ],
          },
          "AssertDescription": "CDK bootstrap stack version 6 required. Please run 'cdk bootstrap' with a recent version of the CDK CLI.",
        },
      ],
    },
  },
}
`;
